
> fahim-portfolio@0.1.0 prebuild
> node scripts/clean-data-cache.mjs

[prebuild] cleared stale data cache

> fahim-portfolio@0.1.0 build
> next build

▲ Next.js 16.3.7 (Turbopack)
- Environments: .env.local
✓ Running next.config.ts took 8.9s
- Experiments (use with caution):
  · optimizePackageImports

  Creating an optimized production build ...
✓ Compiled successfully in 1497ms
  Running TypeScript ...
  Finished TypeScript in 2.5s ...
  Collecting page data using 11 workers ...
  Generating static pages using 11 workers (0/9) ...
  Generating static pages using 11 workers (2/9) 
  Generating static pages using 11 workers (4/9) 
  Generating static pages using 11 workers (6/9) 
✓ Generating static pages using 11 workers (9/9) in 1223ms
  Finalizing page optimization ...

Route (app)                 Revalidate  Expire
┌ ○ /                               1m      1y
├ ○ /_not-found
├ ƒ /admin
├ ƒ /admin/education
├ ƒ /admin/experience
├ ƒ /admin/login
├ ƒ /admin/messages
├ ƒ /admin/projects
├ ƒ /admin/projects/[id]
├ ƒ /admin/projects/new
├ ƒ /admin/services
├ ƒ /admin/skills
├ ○ /robots.txt
├ ○ /sitemap.xml
└   /work/[slug]
  ├ ● /work/unimate
  ├ ● /work/fixbondhu
  └ ● /work/lumina-digital


ƒ Proxy (Middleware)

○  (Static)   prerendered as static content
●  (SSG)      prerendered as static HTML (uses generateStaticParams)
ƒ  (Dynamic)  server-rendered on demand

